2026-10-08 21:50:30 [INFO] ===== 파이프라인 시작 (1회차) =====
2026-10-08 21:50:30 [INFO] [E] stations 30 / bikes 55 / rentals 15,000
2026-10-08 21:50:32 [INFO] [T] 자전거 : 50
2026-10-08 21:50:32 [INFO] [T] 대여(중복 제거) : 14500
2026-10-08 21:50:32 [INFO] [T] 매칭 실패 : 80
2026-10-08 21:50:32 [INFO] [T] 결합 후 : 14420
2026-10-08 21:50:32 [INFO] [T] 이상치 : {'①': np.int64(50), '②': np.int64(20), '③': np.int64(650), '합계': np.int64(719)}
2026-10-08 21:50:32 [INFO] [T] 결측 : {'요금 복원': 0, '거리 결측 제거': 200}
2026-10-08 21:50:32 [INFO] [T] 최종 : 13501
2026-10-08 21:50:34 [INFO] rental_log 테이블이 이미 있음 → 그대로 사용
2026-10-08 21:50:34 [INFO]   [1회차] 청크     0 ~  1999 커밋
2026-10-08 21:50:34 [INFO]   [1회차] 청크  2000 ~  3999 커밋
2026-10-08 21:50:34 [INFO]   [1회차] 청크  4000 ~  5999 커밋
2026-10-08 21:50:34 [INFO]   [1회차] 청크  6000 ~  7999 커밋
2026-10-08 21:50:35 [INFO]   [1회차] 청크  8000 ~  9999 커밋
2026-10-08 21:50:35 [INFO]   [1회차] 청크 10000 ~ 11999 커밋
2026-10-08 21:50:35 [INFO]   [1회차] 청크 12000 ~ 13500 커밋
2026-10-08 21:50:35 [INFO] [1회차] 신규 0건 / 갱신 0건 / 최종 13501행 (0.3초)
2026-10-08 21:50:35 [INFO] ===== 파이프라인 완료 =====
2026-10-08 21:50:35 [INFO] ===== 파이프라인 시작 (2회차) =====
2026-10-08 21:50:35 [INFO] [E] stations 30 / bikes 55 / rentals 15,000
2026-10-08 21:50:36 [INFO] [T] 자전거 : 50
2026-10-08 21:50:36 [INFO] [T] 대여(중복 제거) : 14500
2026-10-08 21:50:36 [INFO] [T] 매칭 실패 : 80
2026-10-08 21:50:36 [INFO] [T] 결합 후 : 14420
2026-10-08 21:50:36 [INFO] [T] 이상치 : {'①': np.int64(50), '②': np.int64(20), '③': np.int64(650), '합계': np.int64(719)}
2026-10-08 21:50:36 [INFO] [T] 결측 : {'요금 복원': 0, '거리 결측 제거': 200}
2026-10-08 21:50:36 [INFO] [T] 최종 : 13501
2026-10-08 21:50:38 [INFO] rental_log 테이블이 이미 있음 → 그대로 사용
2026-10-08 21:50:38 [INFO]   [2회차] 청크     0 ~  1999 커밋
2026-10-08 21:50:38 [INFO]   [2회차] 청크  2000 ~  3999 커밋
2026-10-08 21:50:38 [INFO]   [2회차] 청크  4000 ~  5999 커밋
2026-10-08 21:50:38 [INFO]   [2회차] 청크  6000 ~  7999 커밋
2026-10-08 21:50:39 [INFO]   [2회차] 청크  8000 ~  9999 커밋
2026-10-08 21:50:39 [INFO]   [2회차] 청크 10000 ~ 11999 커밋
2026-10-08 21:50:39 [INFO]   [2회차] 청크 12000 ~ 13500 커밋
2026-10-08 21:50:39 [INFO] [2회차] 신규 0건 / 갱신 0건 / 최종 13501행 (0.2초)
2026-10-08 21:50:39 [INFO] ===== 파이프라인 완료 =====
2026-10-08 21:53:38 [INFO] ===== 파이프라인 시작 (1회차) =====
2026-10-08 21:53:38 [INFO] [E] stations 30 / bikes 55 / rentals 15,000
2026-10-08 21:53:40 [INFO] [T] 자전거 : 50
2026-10-08 21:53:40 [INFO] [T] 대여(중복 제거) : 14500
2026-10-08 21:53:40 [INFO] [T] 매칭 실패 : 80
2026-10-08 21:53:40 [INFO] [T] 결합 후 : 14420
2026-10-08 21:53:40 [INFO] [T] 이상치 : {'①': np.int64(50), '②': np.int64(20), '③': np.int64(650), '합계': np.int64(719)}
2026-10-08 21:53:40 [INFO] [T] 결측 : {'요금 복원': 0, '거리 결측 제거': 200}
2026-10-08 21:53:40 [INFO] [T] 최종 : 13501
2026-10-08 21:53:40 [INFO]   [검증] OK   rental_id 중복 없음
2026-10-08 21:53:40 [INFO]   [검증] OK   반납 > 대여
2026-10-08 21:53:40 [INFO]   [검증] OK   요금 0 이상
2026-10-08 21:53:40 [INFO]   [검증] OK   속도 50km/h 이하
2026-10-08 21:53:40 [INFO]   [검증] OK   거리·요금 결측 없음
2026-10-08 21:53:40 [INFO]   [검증] OK   결제수단 3종
2026-10-08 21:53:40 [INFO]   [검증] OK   자전거 타입 2종
2026-10-08 21:53:43 [INFO] rental_log 테이블이 이미 있음 → 그대로 사용
2026-10-08 21:53:43 [INFO]   [1회차] 청크     0 ~  1999 커밋
2026-10-08 21:53:43 [INFO]   [1회차] 청크  2000 ~  3999 커밋
2026-10-08 21:53:43 [INFO]   [1회차] 청크  4000 ~  5999 커밋
2026-10-08 21:53:43 [INFO]   [1회차] 청크  6000 ~  7999 커밋
2026-10-08 21:53:43 [INFO]   [1회차] 청크  8000 ~  9999 커밋
2026-10-08 21:53:43 [INFO]   [1회차] 청크 10000 ~ 11999 커밋
2026-10-08 21:53:43 [INFO]   [1회차] 청크 12000 ~ 13500 커밋
2026-10-08 21:53:43 [INFO] [1회차] 신규 0건 / 갱신 0건 / 최종 13501행 (0.2초)
2026-10-08 21:53:43 [INFO] ===== 파이프라인 시작 (2회차) =====
2026-10-08 21:53:43 [INFO] [E] stations 30 / bikes 55 / rentals 15,000
2026-10-08 21:53:44 [INFO] [T] 자전거 : 50
2026-10-08 21:53:44 [INFO] [T] 대여(중복 제거) : 14500
2026-10-08 21:53:44 [INFO] [T] 매칭 실패 : 80
2026-10-08 21:53:44 [INFO] [T] 결합 후 : 14420
2026-10-08 21:53:44 [INFO] [T] 이상치 : {'①': np.int64(50), '②': np.int64(20), '③': np.int64(650), '합계': np.int64(719)}
2026-10-08 21:53:44 [INFO] [T] 결측 : {'요금 복원': 0, '거리 결측 제거': 200}
2026-10-08 21:53:44 [INFO] [T] 최종 : 13501
2026-10-08 21:53:44 [INFO]   [검증] OK   rental_id 중복 없음
2026-10-08 21:53:44 [INFO]   [검증] OK   반납 > 대여
2026-10-08 21:53:44 [INFO]   [검증] OK   요금 0 이상
2026-10-08 21:53:44 [INFO]   [검증] OK   속도 50km/h 이하
2026-10-08 21:53:44 [INFO]   [검증] OK   거리·요금 결측 없음
2026-10-08 21:53:44 [INFO]   [검증] OK   결제수단 3종
2026-10-08 21:53:44 [INFO]   [검증] OK   자전거 타입 2종
2026-10-08 21:53:47 [INFO] rental_log 테이블이 이미 있음 → 그대로 사용
2026-10-08 21:53:47 [INFO]   [2회차] 청크     0 ~  1999 커밋
2026-10-08 21:53:47 [INFO]   [2회차] 청크  2000 ~  3999 커밋
2026-10-08 21:53:47 [INFO]   [2회차] 청크  4000 ~  5999 커밋
2026-10-08 21:53:47 [INFO]   [2회차] 청크  6000 ~  7999 커밋
2026-10-08 21:53:47 [INFO]   [2회차] 청크  8000 ~  9999 커밋
2026-10-08 21:53:47 [INFO]   [2회차] 청크 10000 ~ 11999 커밋
2026-10-08 21:53:47 [INFO]   [2회차] 청크 12000 ~ 13500 커밋
2026-10-08 21:53:47 [INFO] [2회차] 신규 0건 / 갱신 0건 / 최종 13501행 (0.2초)
