20:10:42 [INFO]   [1회차] 청크     0 ~  1999 커밋
20:10:42 [INFO]   [1회차] 청크  2000 ~  3999 커밋
20:10:42 [INFO]   [1회차] 청크  4000 ~  5999 커밋
20:10:42 [INFO]   [1회차] 청크  6000 ~  7999 커밋
20:10:42 [INFO]   [1회차] 청크  8000 ~  9999 커밋
20:10:42 [INFO]   [1회차] 청크 10000 ~ 11999 커밋
20:10:42 [INFO]   [1회차] 청크 12000 ~ 13500 커밋
20:10:42 [INFO] [1회차] 신규 13501건 / 갱신 0건 / 최종 13501행 (0.5초)
20:10:45 [INFO]   [2회차] 청크     0 ~  1999 커밋
20:10:45 [INFO]   [2회차] 청크  2000 ~  3999 커밋
20:10:45 [INFO]   [2회차] 청크  4000 ~  5999 커밋
20:10:45 [INFO]   [2회차] 청크  6000 ~  7999 커밋
20:10:45 [INFO]   [2회차] 청크  8000 ~  9999 커밋
20:10:45 [INFO]   [2회차] 청크 10000 ~ 11999 커밋
20:10:45 [INFO]   [2회차] 청크 12000 ~ 13500 커밋
20:10:45 [INFO] [2회차] 신규 0건 / 갱신 0건 / 최종 13501행 (0.1초)
20:10:47 [INFO]   OK   행 수      DataFrame=13501 / DB=13501
20:10:47 [INFO]   OK   자전거 수    DataFrame=50 / DB=50
20:10:47 [INFO]   OK   이용자 수    DataFrame=1999 / DB=1999
20:10:47 [INFO]   OK   총 매출     DataFrame=18979110 / DB=18979110
20:10:47 [INFO]   OK   총 이동 거리  DataFrame=102524.7 / DB=102524.7
20:10:47 [INFO]   OK   최소 날짜    DataFrame=2022-01-01 07:26:00 / DB=2022-01-01 07:26:00
20:10:47 [INFO]   OK   최대 날짜    DataFrame=2022-12-31 22:52:00 / DB=2022-12-31 22:52:00
09:00:31 [INFO]   [1회차] 청크     0 ~  1999 커밋
09:00:31 [INFO]   [1회차] 청크  2000 ~  3999 커밋
09:00:31 [INFO]   [1회차] 청크  4000 ~  5999 커밋
09:00:31 [INFO]   [1회차] 청크  6000 ~  7999 커밋
09:00:31 [INFO]   [1회차] 청크  8000 ~  9999 커밋
09:00:31 [INFO]   [1회차] 청크 10000 ~ 11999 커밋
09:00:31 [INFO]   [1회차] 청크 12000 ~ 13500 커밋
09:00:31 [INFO] [1회차] 신규 13501건 / 갱신 0건 / 최종 13501행 (0.3초)
09:00:31 [INFO]   [2회차] 청크     0 ~  1999 커밋
09:00:31 [INFO]   [2회차] 청크  2000 ~  3999 커밋
09:00:31 [INFO]   [2회차] 청크  4000 ~  5999 커밋
09:00:31 [INFO]   [2회차] 청크  6000 ~  7999 커밋
09:00:31 [INFO]   [2회차] 청크  8000 ~  9999 커밋
09:00:31 [INFO]   [2회차] 청크 10000 ~ 11999 커밋
09:00:31 [INFO]   [2회차] 청크 12000 ~ 13500 커밋
09:00:31 [INFO] [2회차] 신규 0건 / 갱신 0건 / 최종 13501행 (0.1초)
09:00:31 [INFO]   OK   행 수      DataFrame=13501 / DB=13501
09:00:31 [INFO]   OK   자전거 수    DataFrame=50 / DB=50
09:00:31 [INFO]   OK   이용자 수    DataFrame=1999 / DB=1999
09:00:31 [INFO]   OK   총 매출     DataFrame=18979110 / DB=18979110
09:00:31 [INFO]   OK   총 이동 거리  DataFrame=102524.7 / DB=102524.7
09:00:31 [INFO]   OK   최소 날짜    DataFrame=2022-01-01 07:26:00 / DB=2022-01-01 07:26:00
09:00:31 [INFO]   OK   최대 날짜    DataFrame=2022-12-31 22:52:00 / DB=2022-12-31 22:52:00
